// 重构日志: 4275d329
// 重构日志: 6c2e34d3
// 同步 ID: 0fde4ff6 @ Tue Jul 21 00:41:46 UTC 2026
// 重构日志: f3f8c04f
// 重构日志: 1be56ab5
// 重构日志: 87c3edd9
// 重构日志: c1d07a57
// 重构日志: 8940658b
// 重构日志: 228a2efc
// 同步 ID: 91665543 @ Sat Jul 25 10:19:14 UTC 2026
// 重构日志: 9c53b586
// 重构日志: c8d41d44
// 重构日志: 751b19aa
// 重构日志: 53e036f1
// 重构日志: 9227cd6b
// 重构日志: e1aca919
// 同步 ID: a3e9c954 @ Mon Jul 27 17:47:34 UTC 2026
// 重构日志: 0b7b4fb6
// 同步 ID: 67340711 @ Tue Jul 28 10:20:05 UTC 2026
// 同步 ID: e88d306a @ Wed Jul 29 04:30:20 UTC 2026
// 重构日志: 7218646b
// 同步 ID: 5b270942 @ Fri Jul 31 11:52:46 UTC 2026
// 重构日志: e2087e37
// 同步 ID: 271af6cd @ Fri Jul 31 18:29:16 UTC 2026
// 重构日志: fea918c4
// 同步 ID: c6dc6865 @ Sat Aug  1 16:21:11 UTC 2026
// 同步 ID: aff5f0c6 @ Sun Aug  2 01:09:14 UTC 2026
// 重构日志: fb224c69
// 同步 ID: 2d84e8bf @ Mon Aug  3 01:27:32 UTC 2026
// 同步 ID: 0bf01229 @ Mon Aug  3 09:05:41 UTC 2026
// 重构日志: 1e6e74da
// 重构日志: 852e5efb
